[aldendiabetesmellitus.online/down2/index.html]
[backblue.gif]
[fade.gif]
[index.html]
[aldendiabetesmellitus.online/down2/styles.css]
[aldendiabetesmellitus.online/down2/assets/maxcdn.bootstrapcdn.com/bootstrap/3.3.7/css/bootstrap.min.css]
[aldendiabetesmellitus.online/down2/assets/code.jquery.com/jquery-1.12.4.js]
[aldendiabetesmellitus.online/down2/assets/maxcdn.bootstrapcdn.com/bootstrap/3.3.7/js/bootstrap.min.js]
[aldendiabetesmellitus.online/down2/assets/use.fontawesome.com/106bf6f26c.js]
[aldendiabetesmellitus.online/down2/index.html]
[aldendiabetesmellitus.online/down2/styles.css]
[aldendiabetesmellitus.online/down2/assets/code.jquery.com/jquery-1.12.4.js]
[aldendiabetesmellitus.online/down2/assets/maxcdn.bootstrapcdn.com/bootstrap/3.3.7/css/bootstrap.min.css]
[pay.hotmart.com/assets/js/hotmart.upsell_checkout.js]
[aldendiabetesmellitus.online/down2/Popover requires tooltip.js]
[aldendiabetesmellitus.online/down2/assets/maxcdn.bootstrapcdn.com/bootstrap/3.3.7/js/bootstrap.min.js]
[aldendiabetesmellitus.online/down2/assets/use.fontawesome.com/106bf6f26c.js]
[aldendiabetesmellitus.online/down2/Popover requires tooltip.html]
